<html>
<body>
<pre>
<h1>µVision Build Log</h1>
<h2>Tool Versions:</h2>
IDE-Version: ¦ÌVision V5.38.0.0
Copyright (C) 2022 ARM Ltd and ARM Germany GmbH. All rights reserved.
License Information: zhikang luo, Emdoor, LIC=4ZLR5-0FI5T-27TXT-4VFPQ-21WVS-ZCPY4
 
Tool Versions:
Toolchain:       MDK-ARM Professional  Version: 5.38.0.0
Toolchain Path:  C:\Keil_v538a\ARM\ARM Compiler 6.16\Bin
C Compiler:      ArmClang.exe V6.16.2 (FuSa)
Assembler:       Armasm.exe V6.16.2 (FuSa)
Linker/Locator:  ArmLink.exe V6.16.2 (FuSa)
Library Manager: ArmAr.exe V6.16.2 (FuSa)
Hex Converter:   FromElf.exe V6.16.2 (FuSa)
CPU DLL:         SARMCM3.DLL V5.38.0.0
Dialog DLL:      DCM.DLL V1.17.5.0
Target DLL:      UL2CM3.DLL V1.164.8.0
Dialog DLL:      TCM.DLL V1.56.4.0
 
<h2>Project:</h2>
F:\2¡¢Example project\KEIL Example Project\STM32F746_FUSA_RTS\STM32F746_FUSA.uvprojx
Project File Date:  09/10/2024

<h2>Output:</h2>
*** Using Compiler 'V6.16.2 (FuSa)', folder: 'C:\Keil_v538a\ARM\ARM Compiler 6.16\Bin'
Rebuild target 'Target 1'
compiling Thread.c...
compiling LED_756G_EVAL.c...
compiling main.c...
compiling rtx_delay.c...
assembling irq_armv7m.S...
compiling rtx_evr.c...
compiling rtx_evflags.c...
compiling rtx_kernel.c...
compiling rtx_lib.c...
compiling rtx_memory.c...
compiling rtx_semaphore.c...
compiling rtx_msgqueue.c...
compiling rtx_system.c...
compiling rtx_mempool.c...
compiling rtx_mutex.c...
compiling RTX_Config.c...
compiling os_systick.c...
compiling rtx_timer.c...
compiling rtx_thread.c...
compiling stm32f7xx_hal.c...
compiling stm32f7xx_hal_pwr.c...
compiling stm32f7xx_hal_cortex.c...
compiling stm32f7xx_hal_gpio.c...
compiling stm32f7xx_hal_pwr_ex.c...
compiling stm32f7xx_hal_rcc.c...
assembling startup_stm32f746xx.s...
compiling system_stm32f7xx.c...
compiling stm32f7xx_hal_rcc_ex.c...
linking...
Program Size: Code=21548 RO-data=800 RW-data=240 ZI-data=35800  
".\Objects\STM32F746_FUSA.axf" - 0 Error(s), 0 Warning(s).

<h2>Software Packages used:</h2>

Package Vendor: ARM
                
                ARM.FuSa_RTS.1.2.0
                Arm Run-Time System for functional safety on Cortex-M
   * Component: RTOS2 Version: 2.2.0-fusa
   * Component: CORE Version: 5.7.0-fusa
   * Component: Keil RTX5 Variant: Source Version: 5.7.0-fusa

Package Vendor: Keil
                https://www.keil.com/pack/Keil.MDK-Middleware.7.17.0.pack
                Keil.MDK-Middleware.7.17.0
                Middleware for Keil MDK-Professional and MDK-Plus
   * Component: LED Version: 1.0.0

Package Vendor: Keil
                https://www.keil.com/pack/Keil.STM32F7xx_DFP.2.16.0.pack
                Keil.STM32F7xx_DFP.2.16.0
                STMicroelectronics STM32F7 Series Device Support, Drivers and Examples
   * Component: STM32Cube Framework Version: 1.0.0
   * Component: LED Version: 1.1.0
   * Component: Classic Version: 1.3.0
   * Component: Common Version: 1.3.0
   * Component: Cortex Version: 1.3.0
   * Component: GPIO Version: 1.3.0
   * Component: PWR Version: 1.3.0
   * Component: RCC Version: 1.3.0
   * Component: Startup Version: 1.2.5

<h2>Collection of Component include folders:</h2>
  ./RTE/CMSIS
  ./RTE/Device/STM32F746NGHx
  ./RTE/_Target_1
  C:/Users/USER/AppData/Local/Arm/Packs/ARM/FuSa_RTS/1.2.0/CMSIS/Core/Include
  C:/Users/USER/AppData/Local/Arm/Packs/ARM/FuSa_RTS/1.2.0/CMSIS/RTOS2/Include
  C:/Users/USER/AppData/Local/Arm/Packs/ARM/FuSa_RTS/1.2.0/CMSIS/RTOS2/RTX/Include
  C:/Users/USER/AppData/Local/Arm/Packs/Keil/MDK-Middleware/7.17.0/Board
  C:/Users/USER/AppData/Local/Arm/Packs/Keil/STM32F7xx_DFP/2.16.0/Drivers/CMSIS/Device/ST/STM32F7xx/Include
  C:/Users/USER/AppData/Local/Arm/Packs/Keil/STM32F7xx_DFP/2.16.0/Drivers/STM32F7xx_HAL_Driver/Inc

<h2>Collection of Component Files used:</h2>

   * Component: ::Board Support:LED:1.0.0 (API)
      Include file:  Board/Board_LED.h

   * Component: ::CMSIS:RTOS2:2.2.0-fusa (API)
      Include file:  CMSIS/RTOS2/Include/cmsis_os2.h

   * Component: ::Device:STM32Cube Framework:1.0.0 (API)

   * Component: ARM::CMSIS:CORE:5.7.0-fusa

   * Component: ARM::CMSIS:RTOS2:Keil RTX5:Source:5.7.0-fusa
      Include file:  CMSIS/RTOS2/RTX/Include/rtx_os.h
      Source file:   CMSIS/RTOS2/RTX/Config/RTX_Config.c
      Include file:  CMSIS/RTOS2/RTX/Config/RTX_Config.h
      Source file:   CMSIS/RTOS2/RTX/Source/GCC/irq_armv7m.S
      Source file:   CMSIS/RTOS2/RTX/Template/Semaphore.c
      Source file:   CMSIS/RTOS2/RTX/Template/MsgQueue.c
      Source file:   CMSIS/RTOS2/RTX/Source/rtx_kernel.c
      Source file:   CMSIS/RTOS2/RTX/Source/rtx_semaphore.c
      Source file:   CMSIS/RTOS2/RTX/Template/main.c
      Source file:   CMSIS/RTOS2/RTX/Template/MemPool.c
      Source file:   CMSIS/RTOS2/RTX/Source/rtx_mutex.c
      Source file:   CMSIS/RTOS2/Source/os_systick.c
      Source file:   CMSIS/RTOS2/RTX/Source/rtx_timer.c
      Source file:   CMSIS/RTOS2/RTX/Source/rtx_evflags.c
      Source file:   CMSIS/RTOS2/RTX/Source/rtx_msgqueue.c
      Source file:   CMSIS/RTOS2/RTX/Source/rtx_evr.c
      Source file:   CMSIS/RTOS2/RTX/Template/Events.c
      Source file:   CMSIS/RTOS2/RTX/Template/Mutex.c
      Source file:   CMSIS/RTOS2/RTX/Template/Timer.c
      Source file:   CMSIS/RTOS2/RTX/Source/rtx_thread.c
      Source file:   CMSIS/RTOS2/RTX/Source/rtx_delay.c
      Source file:   CMSIS/RTOS2/RTX/Source/rtx_memory.c
      Source file:   CMSIS/RTOS2/RTX/Source/rtx_mempool.c
      Source file:   CMSIS/RTOS2/RTX/Source/rtx_system.c
      Source file:   CMSIS/RTOS2/RTX/Source/rtx_lib.c
      Source file:   CMSIS/RTOS2/RTX/Template/svc_user.c
      Source file:   CMSIS/RTOS2/RTX/Template/Thread.c

   * Component: Keil.STM32756G-EVAL::Board Support:LED:1.1.0
      Source file:   MDK/Boards/ST/STM32756G_EVAL/Common/LED_756G_EVAL.c

   * Component: Keil::Device:STM32Cube Framework:Classic:1.3.0
      Include file:  CMSIS/Driver/Config/RTE_Device.h
      Source file:   MDK/Templates/Src/stm32f7xx_hal_msp.c
      Include file:  MDK/Templates/Inc/stm32f7xx_it.h
      Source file:   MDK/Templates/Src/stm32f7xx_it.c
      Include file:  MDK/Templates/Inc/stm32f7xx_hal_conf.h
      Include file:  MDK/Templates/Inc/main.h
      Source file:   MDK/Templates_LL/Src/main.c
      Include file:  MDK/Templates_LL/Inc/main.h
      Source file:   MDK/Templates/Src/main.c

   * Component: Keil::Device:STM32Cube HAL:Common:1.3.0
      Include file:  Drivers/STM32F7xx_HAL_Driver/Inc/stm32f7xx_hal.h
      Source file:   Drivers/STM32F7xx_HAL_Driver/Src/stm32f7xx_hal.c

   * Component: Keil::Device:STM32Cube HAL:Cortex:1.3.0
      Source file:   Drivers/STM32F7xx_HAL_Driver/Src/stm32f7xx_hal_cortex.c

   * Component: Keil::Device:STM32Cube HAL:GPIO:1.3.0
      Source file:   Drivers/STM32F7xx_HAL_Driver/Src/stm32f7xx_hal_gpio.c

   * Component: Keil::Device:STM32Cube HAL:PWR:1.3.0
      Source file:   Drivers/STM32F7xx_HAL_Driver/Src/stm32f7xx_hal_pwr_ex.c
      Source file:   Drivers/STM32F7xx_HAL_Driver/Src/stm32f7xx_hal_pwr.c

   * Component: Keil::Device:STM32Cube HAL:RCC:1.3.0
      Source file:   Drivers/STM32F7xx_HAL_Driver/Src/stm32f7xx_hal_rcc_ex.c
      Source file:   Drivers/STM32F7xx_HAL_Driver/Src/stm32f7xx_hal_rcc.c

   * Component: Keil::Device:Startup:1.2.5
      Source file:   Drivers/CMSIS/Device/ST/STM32F7xx/Source/Templates/arm/startup_stm32f746xx.s
      Source file:   MDK/Device/Source/ARM/STM32F74x_75x_OPT.s
      Include file:  Drivers/CMSIS/Device/ST/STM32F7xx/Include/stm32f7xx.h
      Source file:   MDK/Device/Source/ARM/STM32F74x_75x_OTP.s
      Source file:   Drivers/CMSIS/Device/ST/STM32F7xx/Source/Templates/system_stm32f7xx.c
Build Time Elapsed:  00:00:03
</pre>
</body>
</html>
